<?xml version="1.0" encoding="utf-8"?><testsuites name="pytest tests"><testsuite name="pytest" errors="0" failures="0" skipped="0" tests="9" time="2.005" timestamp="2025-10-15T23:15:48.504818+05:30" hostname="LAPTOP-5U4H663O"><testcase classname="tests.test_main" name="test_root_endpoint" time="0.012" /><testcase classname="tests.test_main" name="test_create_task_plan" time="0.027" /><testcase classname="tests.test_main" name="test_get_task_plan" time="0.017" /><testcase classname="tests.test_main" name="test_list_task_plans" time="0.005" /><testcase classname="tests.test_main" name="test_update_task_status" time="0.019" /><testcase classname="tests.test_main" name="test_invalid_task_plan" time="0.004" /><testcase classname="tests.test_services" name="test_task_planner_service" time="0.002" /><testcase classname="tests.test_services" name="test_task_validation" time="0.001" /><testcase classname="tests.test_services" name="test_critical_path_calculation" time="0.000" /></testsuite></testsuites>